[theme-land.com/gamefi/index.html]
[backblue.gif]
[fade.gif]
[index.html]
[theme-land.com/gamefi/assets/img/favicon.png]
[theme-land.com/gamefi/assets/css/style.css]
[theme-land.com/gamefi/assets/img/logo/logo.png]
[theme-land.com/gamefi/project-1.html]
[theme-land.com/gamefi/project-2.html]
[theme-land.com/gamefi/project-3.html]
[theme-land.com/gamefi/project-4.html]
[theme-land.com/gamefi/project-details.html]
[theme-land.com/gamefi/staking-1.html]
[theme-land.com/gamefi/staking-2.html]
[theme-land.com/gamefi/farming.html]
[theme-land.com/gamefi/leaderboard.html]
[theme-land.com/gamefi/apply.html]
[theme-land.com/gamefi/wallet-connect.html]
[theme-land.com/gamefi/help-center.html]
[theme-land.com/gamefi/contact.html]
[theme-land.com/gamefi/login.html]
[theme-land.com/gamefi/register.html]
[theme-land.com/gamefi/reset.html]
[theme-land.com/gamefi/tokenomics.html]
[theme-land.com/gamefi/tier-system.html]
[theme-land.com/gamefi/blog.html]
[theme-land.com/gamefi/blog-single.html]
[theme-land.com/gamefi/assets/img/content/thumb_1.png]
[theme-land.com/gamefi/assets/img/content/ethereum.png]
[theme-land.com/gamefi/assets/img/content/thumb_2.png]
[theme-land.com/gamefi/assets/img/content/binance.png]
[theme-land.com/gamefi/assets/img/content/thumb_3.png]
[theme-land.com/gamefi/assets/img/content/ethereum-gold.png]
[theme-land.com/gamefi/assets/img/content/thumb_4.png]
[theme-land.com/gamefi/assets/img/content/solana.png]
[theme-land.com/gamefi/assets/img/content/thumb_5.png]
[theme-land.com/gamefi/assets/img/content/thumb_6.png]
[theme-land.com/gamefi/assets/img/content/thumb_7.png]
[theme-land.com/gamefi/assets/img/content/thumb_8.png]
[theme-land.com/gamefi/assets/img/content/thumb_9.png]
[theme-land.com/gamefi/assets/img/content/team_1.png]
[theme-land.com/gamefi/assets/img/content/team_2.png]
[theme-land.com/gamefi/assets/img/content/team_3.png]
[theme-land.com/gamefi/assets/img/content/team_4.png]
[theme-land.com/gamefi/assets/img/content/team_5.png]
[theme-land.com/gamefi/assets/img/content/cta_thumb.png]
[theme-land.com/gamefi/assets/js/vendor/jquery.min.js]
[theme-land.com/gamefi/assets/js/vendor/popper.min.js]
[theme-land.com/gamefi/assets/js/vendor/bootstrap.min.js]
[theme-land.com/gamefi/assets/js/vendor/gallery.min.js]
[theme-land.com/gamefi/assets/js/vendor/all.min.js]
[theme-land.com/gamefi/assets/js/vendor/slider.min.js]
[theme-land.com/gamefi/assets/js/vendor/countdown.min.js]
[theme-land.com/gamefi/assets/js/vendor/shuffle.min.js]
[theme-land.com/gamefi/index.html]
[theme-land.com/gamefi/assets/js/main.js]
[theme-land.com/gamefi/assets/css/vendor/bootstrap.min.css]
[theme-land.com/gamefi/assets/css/vendor/animate.min.css]
[theme-land.com/gamefi/assets/css/vendor/all.min.css]
[theme-land.com/gamefi/assets/css/vendor/icons.min.css]
[theme-land.com/gamefi/assets/css/vendor/gilroy.css]
[theme-land.com/gamefi/assets/css/vendor/slider.min.css]
[theme-land.com/gamefi/assets/css/vendor/gallery.min.css]
[theme-land.com/gamefi/assets/img/bg/inner_bg.jpg]
[theme-land.com/gamefi/assets/img/bg/hero_bg.jpg]
[theme-land.com/gamefi/assets/css/style.css]
[theme-land.com/gamefi/project-1.html]
[theme-land.com/gamefi/project-2.html]
[theme-land.com/gamefi/project-3.html]
[theme-land.com/gamefi/project-4.html]
[theme-land.com/gamefi/project-details.html]
[theme-land.com/gamefi/staking-1.html]
[theme-land.com/gamefi/staking-2.html]
[theme-land.com/gamefi/farming.html]
[theme-land.com/gamefi/leaderboard.html]
[theme-land.com/gamefi/apply.html]
[theme-land.com/gamefi/assets/img/content/metamask.png]
[theme-land.com/gamefi/assets/img/content/authereum.png]
[theme-land.com/gamefi/assets/img/content/walletconnect.png]
[theme-land.com/gamefi/assets/img/content/dapper.png]
[theme-land.com/gamefi/assets/img/content/kaikas.png]
[theme-land.com/gamefi/wallet-connect.html]
[theme-land.com/gamefi/help-center.html]
[theme-land.com/gamefi/contact.html]
[theme-land.com/gamefi/login.html]
[theme-land.com/gamefi/register.html]
[theme-land.com/gamefi/reset.html]
[theme-land.com/gamefi/tokenomics.html]
[theme-land.com/gamefi/tier-system.html]
[theme-land.com/gamefi/assets/img/blog/blog_1.jpg]
[theme-land.com/gamefi/assets/img/blog/blog_2.jpg]
[theme-land.com/gamefi/assets/img/blog/blog_3.jpg]
[theme-land.com/gamefi/assets/img/blog/blog_4.jpg]
[theme-land.com/gamefi/assets/img/blog/blog_5.jpg]
[theme-land.com/gamefi/assets/img/blog/blog_6.jpg]
[theme-land.com/gamefi/assets/img/blog/blog_7.jpg]
[theme-land.com/gamefi/assets/img/blog/blog_8.jpg]
[theme-land.com/gamefi/assets/img/blog/blog_9.jpg]
[theme-land.com/gamefi/blog.html]
[theme-land.com/gamefi/assets/img/blog/blog_single.jpg]
[theme-land.com/gamefi/blog-single.html]
[theme-land.com/gamefi/assets/css/vendor/bootstrap.min.css]
[theme-land.com/gamefi/assets/css/vendor/animate.min.css]
[theme-land.com/gamefi/assets/fonts/fontawesome/fa-brands-400.woff2]
[theme-land.com/gamefi/assets/fonts/fontawesome/fa-brands-400.ttf]
[theme-land.com/gamefi/assets/fonts/fontawesome/fa-regular-400.woff2]
[theme-land.com/gamefi/assets/fonts/fontawesome/fa-regular-400.ttf]
[theme-land.com/gamefi/assets/fonts/fontawesome/fa-solid-900.woff2]
[theme-land.com/gamefi/assets/fonts/fontawesome/fa-solid-900.ttf]
[theme-land.com/gamefi/assets/css/vendor/all.min.css]
[theme-land.com/gamefi/assets/fonts/icons/Icons-Lineb26c.eot]
[theme-land.com/gamefi/assets/fonts/icons/Icons-Lineb26c.woff2]
[theme-land.com/gamefi/assets/fonts/icons/Icons-Lineb26c.ttf]
[theme-land.com/gamefi/assets/fonts/icons/Icons-Lineb26c.woff]
[theme-land.com/gamefi/assets/css/vendor/icons.min.css]
[theme-land.com/gamefi/assets/fonts/gilroy/Gilroy-Extrabold.eot]
[theme-land.com/gamefi/assets/fonts/gilroy/Gilroy-Extraboldd41d.eot]
[theme-land.com/gamefi/assets/fonts/gilroy/Gilroy-Extrabold.woff]
[theme-land.com/gamefi/assets/fonts/gilroy/Gilroy-Extrabold.ttf]
[theme-land.com/gamefi/assets/fonts/gilroy/Gilroy-UltraLightItalic.eot]
[theme-land.com/gamefi/assets/fonts/gilroy/Gilroy-UltraLightItalicd41d.eot]
[theme-land.com/gamefi/assets/fonts/gilroy/Gilroy-UltraLightItalic.woff]
[theme-land.com/gamefi/assets/fonts/gilroy/Gilroy-UltraLightItalic.ttf]
[theme-land.com/gamefi/assets/fonts/gilroy/Gilroy-BoldItalic.eot]
[theme-land.com/gamefi/assets/fonts/gilroy/Gilroy-BoldItalicd41d.eot]
[theme-land.com/gamefi/assets/fonts/gilroy/Gilroy-BoldItalic.woff]
[theme-land.com/gamefi/assets/fonts/gilroy/Gilroy-BoldItalic.ttf]
[theme-land.com/gamefi/assets/fonts/gilroy/Gilroy-Semibold.eot]
[theme-land.com/gamefi/assets/fonts/gilroy/Gilroy-Semiboldd41d.eot]
[theme-land.com/gamefi/assets/fonts/gilroy/Gilroy-Semibold.woff]
[theme-land.com/gamefi/assets/fonts/gilroy/Gilroy-Semibold.ttf]
[theme-land.com/gamefi/assets/fonts/gilroy/Gilroy-BlackItalic.eot]
[theme-land.com/gamefi/assets/fonts/gilroy/Gilroy-BlackItalicd41d.eot]
[theme-land.com/gamefi/assets/fonts/gilroy/Gilroy-BlackItalic.woff]
[theme-land.com/gamefi/assets/fonts/gilroy/Gilroy-BlackItalic.ttf]
[theme-land.com/gamefi/assets/fonts/gilroy/Gilroy-ThinItalic.eot]
[theme-land.com/gamefi/assets/fonts/gilroy/Gilroy-ThinItalicd41d.eot]
[theme-land.com/gamefi/assets/fonts/gilroy/Gilroy-ThinItalic.woff]
[theme-land.com/gamefi/assets/fonts/gilroy/Gilroy-ThinItalic.ttf]
[theme-land.com/gamefi/assets/fonts/gilroy/Gilroy-ExtraboldItalic.eot]
[theme-land.com/gamefi/assets/fonts/gilroy/Gilroy-ExtraboldItalicd41d.eot]
[theme-land.com/gamefi/assets/fonts/gilroy/Gilroy-ExtraboldItalic.woff]
[theme-land.com/gamefi/assets/fonts/gilroy/Gilroy-ExtraboldItalic.ttf]
[theme-land.com/gamefi/assets/fonts/gilroy/Gilroy-Black.eot]
[theme-land.com/gamefi/assets/fonts/gilroy/Gilroy-Blackd41d.eot]
[theme-land.com/gamefi/assets/fonts/gilroy/Gilroy-Black.woff]
[theme-land.com/gamefi/assets/fonts/gilroy/Gilroy-Black.ttf]
[theme-land.com/gamefi/assets/fonts/gilroy/Gilroy-HeavyItalic.eot]
[theme-land.com/gamefi/assets/fonts/gilroy/Gilroy-HeavyItalicd41d.eot]
[theme-land.com/gamefi/assets/fonts/gilroy/Gilroy-HeavyItalic.woff]
[theme-land.com/gamefi/assets/fonts/gilroy/Gilroy-HeavyItalic.ttf]
[theme-land.com/gamefi/assets/fonts/gilroy/Gilroy-Regular.eot]
[theme-land.com/gamefi/assets/fonts/gilroy/Gilroy-Regulard41d.eot]
[theme-land.com/gamefi/assets/fonts/gilroy/Gilroy-Regular.woff]
[theme-land.com/gamefi/assets/fonts/gilroy/Gilroy-Regular.ttf]
[theme-land.com/gamefi/assets/fonts/gilroy/Gilroy-SemiboldItalic.eot]
[theme-land.com/gamefi/assets/fonts/gilroy/Gilroy-SemiboldItalicd41d.eot]
[theme-land.com/gamefi/assets/fonts/gilroy/Gilroy-SemiboldItalic.woff]
[theme-land.com/gamefi/assets/fonts/gilroy/Gilroy-SemiboldItalic.ttf]
[theme-land.com/gamefi/assets/fonts/gilroy/Gilroy-Medium.eot]
[theme-land.com/gamefi/assets/fonts/gilroy/Gilroy-Mediumd41d.eot]
[theme-land.com/gamefi/assets/fonts/gilroy/Gilroy-Medium.woff]
[theme-land.com/gamefi/assets/fonts/gilroy/Gilroy-Medium.ttf]
[theme-land.com/gamefi/assets/fonts/gilroy/Gilroy-Bold.eot]
[theme-land.com/gamefi/assets/fonts/gilroy/Gilroy-Boldd41d.eot]
[theme-land.com/gamefi/assets/fonts/gilroy/Gilroy-Bold.woff]
[theme-land.com/gamefi/assets/fonts/gilroy/Gilroy-Bold.ttf]
[theme-land.com/gamefi/assets/fonts/gilroy/Gilroy-RegularItalic.eot]
[theme-land.com/gamefi/assets/fonts/gilroy/Gilroy-RegularItalicd41d.eot]
[theme-land.com/gamefi/assets/fonts/gilroy/Gilroy-RegularItalic.woff]
[theme-land.com/gamefi/assets/fonts/gilroy/Gilroy-RegularItalic.ttf]
[theme-land.com/gamefi/assets/fonts/gilroy/Gilroy-Light.eot]
[theme-land.com/gamefi/assets/fonts/gilroy/Gilroy-Lightd41d.eot]
[theme-land.com/gamefi/assets/fonts/gilroy/Gilroy-Light.woff]
[theme-land.com/gamefi/assets/fonts/gilroy/Gilroy-Light.ttf]
[theme-land.com/gamefi/assets/fonts/gilroy/Gilroy-LightItalic.eot]
[theme-land.com/gamefi/assets/fonts/gilroy/Gilroy-LightItalicd41d.eot]
[theme-land.com/gamefi/assets/fonts/gilroy/Gilroy-LightItalic.woff]
[theme-land.com/gamefi/assets/fonts/gilroy/Gilroy-LightItalic.ttf]
[theme-land.com/gamefi/assets/fonts/gilroy/Gilroy-Heavy.eot]
[theme-land.com/gamefi/assets/fonts/gilroy/Gilroy-Heavyd41d.eot]
[theme-land.com/gamefi/assets/fonts/gilroy/Gilroy-Heavy.woff]
[theme-land.com/gamefi/assets/fonts/gilroy/Gilroy-Heavy.ttf]
[theme-land.com/gamefi/assets/fonts/gilroy/Gilroy-MediumItalic.eot]
[theme-land.com/gamefi/assets/fonts/gilroy/Gilroy-MediumItalicd41d.eot]
[theme-land.com/gamefi/assets/fonts/gilroy/Gilroy-MediumItalic.woff]
[theme-land.com/gamefi/assets/fonts/gilroy/Gilroy-MediumItalic.ttf]
[theme-land.com/gamefi/assets/fonts/gilroy/Gilroy-Thin.eot]
[theme-land.com/gamefi/assets/fonts/gilroy/Gilroy-Thind41d.eot]
[theme-land.com/gamefi/assets/fonts/gilroy/Gilroy-Thin.woff]
[theme-land.com/gamefi/assets/fonts/gilroy/Gilroy-Thin.ttf]
[theme-land.com/gamefi/assets/css/vendor/gilroy.css]
[theme-land.com/gamefi/assets/css/vendor/slider.min.css]
[theme-land.com/gamefi/assets/fonts/gallery/Galleryd641.eot]
[theme-land.com/gamefi/assets/fonts/gallery/Galleryd41d.eot]
[theme-land.com/gamefi/assets/fonts/gallery/Galleryd641.woff]
[theme-land.com/gamefi/assets/fonts/gallery/Galleryd641.ttf]
[theme-land.com/gamefi/assets/fonts/gallery/Galleryd641.svg]
[theme-land.com/gamefi/assets/css/vendor/gallery.min.css]
[theme-land.com/gamefi/assets/fonts/fontawesome/fa-v4compatibility.html]
[theme-land.com/gamefi/assets/fonts/fontawesome/fa-v4compatibility-2.html]
[theme-land.com/gamefi/assets/fonts/icons/Icons-Lineb26c.html]
[theme-land.com/gamefi/assets/fonts/gallery/Galleryd641.svg]
[theme-land.com/gamefi/assets/images/favicon.html]
[theme-land.com/gamefi/assets/images/loading.html]
